// Jest Snapshot v1, https://goo.gl/fbAQLP

exports[`Quotes page render 1`] = `
<div
  className="quotes-cont"
>
  <p>
    Mathematics is not about numbers, equations, computations, or algorithms: it is about understanding. -William Paul Thurston
  </p>
</div>
`;
