// Jest Snapshot v1, https://goo.gl/fbAQLP

exports[`Button component render 1`] = `
<div
  className="calculator-wrapper"
>
  <div
    className="calculator-numbers-cont"
  >
    <div
      className="calculator-numbers"
    >
      <button
        onClick={[Function]}
        type="button"
      >
        AC
      </button>
      <button
        onClick={[Function]}
        type="button"
      >
        +/-
      </button>
      <button
        onClick={[Function]}
        type="button"
      >
        %
      </button>
    </div>
    <div
      className="calculator-numbers"
    >
      <button
        onClick={[Function]}
        type="button"
      >
        7
      </button>
      <button
        onClick={[Function]}
        type="button"
      >
        8
      </button>
      <button
        onClick={[Function]}
        type="button"
      >
        9
      </button>
    </div>
    <div
      className="calculator-numbers"
    >
      <button
        onClick={[Function]}
        type="button"
      >
        4
      </button>
      <button
        onClick={[Function]}
        type="button"
      >
        5
      </button>
      <button
        onClick={[Function]}
        type="button"
      >
        6
      </button>
    </div>
    <div
      className="calculator-numbers"
    >
      <button
        onClick={[Function]}
        type="button"
      >
        1
      </button>
      <button
        onClick={[Function]}
        type="button"
      >
        2
      </button>
      <button
        onClick={[Function]}
        type="button"
      >
        3
      </button>
    </div>
    <div
      className="calculator-numbers"
    >
      <button
        onClick={[Function]}
        type="button"
      >
        0
      </button>
      <button
        onClick={[Function]}
        type="button"
      >
        .
      </button>
    </div>
  </div>
  <div
    className="calculator-symbol-cont"
  >
    <button
      onClick={[Function]}
      type="button"
    >
      รท
    </button>
    <button
      onClick={[Function]}
      type="button"
    >
      ร
    </button>
    <button
      onClick={[Function]}
      type="button"
    >
      -
    </button>
    <button
      onClick={[Function]}
      type="button"
    >
      +
    </button>
    <button
      onClick={[Function]}
      type="button"
    >
      =
    </button>
  </div>
</div>
`;
