// Jest Snapshot v1, https://goo.gl/fbAQLP

exports[`Display component render 1`] = `
<div
  className="calculator-output"
>
  0
</div>
`;
